error1
error2
error3
error4
error5
error6
error7